Copyright 1986-2022 Xilinx, Inc. All Rights Reserved. Copyright 2022-2026 Advanced Micro Devices, Inc. All Rights Reserved.
---------------------------------------------------------------------------------------------------------------------------------------------
| Tool Version : Vivado v.2026.1 (win64) Build 6511674 Tue Jun 16 11:02:23 MDT 2026
| Date         : Thu Sep  3 08:35:09 2026
| Host         : Warmind-Eir running 64-bit major release  (build 9200)
| Command      : report_drc -file urbana_top_drc_opted.rpt -pb urbana_top_drc_opted.pb -rpx urbana_top_drc_opted.rpx
| Design       : urbana_top
| Device       : xc7s6ftgb196-1
| Speed File   : -1
| Design State : Synthesized
---------------------------------------------------------------------------------------------------------------------------------------------

Report DRC

Table of Contents
-----------------
1. REPORT SUMMARY
2. REPORT DETAILS

1. REPORT SUMMARY
-----------------
            Netlist: netlist
          Floorplan: design_1
      Design limits: <entire design considered>
           Ruledeck: default
             Max checks: <unlimited>
             Checks found: 4
+--------+------------------+------------------------------------------------+--------+
| Rule   | Severity         | Description                                    | Checks |
+--------+------------------+------------------------------------------------+--------+
| NSTD-1 | Critical Warning | Unspecified I/O Standard                       | 1      |
| UCIO-1 | Critical Warning | Unconstrained Logical Port                     | 1      |
| PLIO-3 | Warning          | Placement Constraints Check for IO constraints | 2      |
+--------+------------------+------------------------------------------------+--------+

2. REPORT DETAILS
-----------------
NSTD-1#1 Critical Warning
Unspecified I/O Standard  
21 out of 32 logical ports use I/O standard (IOSTANDARD) value 'DEFAULT', instead of a user assigned specific value. This may cause I/O contention or incompatibility with the board power or connectivity affecting performance, signal integrity or in extreme cases cause damage to the device or the components to which it is connected. To correct this violation, specify all I/O standards. This design will fail to generate a bitstream unless all logical ports have a user specified I/O standard value defined. To allow bitstream creation with unspecified I/O standard values (not recommended), use this command: set_property SEVERITY {Warning} [get_drc_checks NSTD-1].  NOTE: When using the Vivado Runs infrastructure (e.g. launch_runs Tcl command), add this command to a .tcl file and add that file as a pre-hook for write_bitstream step for the implementation run. Problem ports: LED[0], LED[10], LED[11], LED[12], LED[13], LED[14], LED[15], LED[3],
LED[4], LED[5], LED[6], LED[7], LED[8], LED[9], SW[11]
 (the first 15 of 21 listed).
Related violations: <none>

UCIO-1#1 Critical Warning
Unconstrained Logical Port  
21 out of 32 logical ports have no user assigned specific location constraint (LOC). This may cause I/O contention or incompatibility with the board power or connectivity affecting performance, signal integrity or in extreme cases cause damage to the device or the components to which it is connected. To correct this violation, specify all pin locations. This design will fail to generate a bitstream unless all logical ports have a user specified site LOC constraint defined.  To allow bitstream creation with unspecified pin locations (not recommended), use this command: set_property SEVERITY {Warning} [get_drc_checks UCIO-1].  NOTE: When using the Vivado Runs infrastructure (e.g. launch_runs Tcl command), add this command to a .tcl file and add that file as a pre-hook for write_bitstream step for the implementation run.  Problem ports: LED[0], LED[10], LED[11], LED[12], LED[13], LED[14], LED[15], LED[3],
LED[4], LED[5], LED[6], LED[7], LED[8], LED[9], SW[11]
 (the first 15 of 21 listed).
Related violations: <none>

PLIO-3#1 Warning
Placement Constraints Check for IO constraints  
Partially locked IO Bus is found. Following components of the IO Bus LED[15:0] are not locked:  LED[15] LED[14] LED[13] LED[12] LED[11] LED[10] LED[9] LED[8] LED[7] LED[6] LED[5] LED[4] LED[3] LED[0]
Related violations: <none>

PLIO-3#2 Warning
Placement Constraints Check for IO constraints  
Partially locked IO Bus is found. Following components of the IO Bus SW[15:0] are not locked:  SW[15] SW[14] SW[13] SW[12] SW[11] SW[7] SW[4]
Related violations: <none>


